// Jest Snapshot v1, https://goo.gl/fbAQLP

exports[`render with context 1`] = `
<div>
  ... loading ...
</div>
`;

exports[`render without context 1`] = `
<div>
  ... loading ...
</div>
`;

exports[`render without context 2`] = `
<div>
  ... loading ...
</div>
`;
