// Jest Snapshot v1, https://goo.gl/fbAQLP

exports[`variant link 1`] = `
<a
  href="/variant/1-1-A-G"
>
  1
  :
  1
  :
  A
  :
  G
</a>
`;
